1. time_pex8311_shared_memory_libpciaccess in an i5-2310 system
===============================================================

Using an i5-2310 system.

Used AlmaLinux 8.7 with a 4.18.0-425.13.1.el8_7.x86_64 Kernel, with no special command line options for the test.

Granted user permission to the PCI resources for the devices with the PLX vendor ID:
[mr_halfword@haswell-alma ~]$ cd ~/fpga_sio/software_tests/eclipse_project/
[mr_halfword@haswell-alma eclipse_project]$ ./set_pci_resource_user_permission.sh 10b5
Giving user permission to PCI resources for 0000:04:00.0 10b5:8111 [0000:0000]
[sudo] password for mr_halfword: 
Giving user permission to PCI resources for 0000:05:04.0 10b5:9056 [10b5:3198]
Enabling reponse in Memory space for 0000:05:04.0 10b5:9056 [10b5:3198]

Ran the tests for the debug, coverage and release platforms:
[mr_halfword@haswell-alma eclipse_project]$ bin/debug/sealevel_serial_7205e/time_pex8311_shared_memory_libpciaccess 
Testing shared memory size 0x2000 for domain=0000 bus=04 dev=00 func=00
  vendor_id=10b5 (PLX Technology, Inc.) device_id=8111 (PEX 8111 PCI Express-to-PCI Bridge) subvendor_id=0000 subdevice_id=0000
Test pattern pass
host-to-card PIO mapped with uncached-minus timing for 1024 transfers of 8192 bytes:
   Min = 76.444295 (Mbytes/sec)
  Mean = 96.677878 (Mbytes/sec)
   Max = 99.288545 (Mbytes/sec)
card-to-host PIO mapped with uncached-minus timing for 1024 transfers of 8192 bytes:
   Min = 4.858229 (Mbytes/sec)
  Mean = 6.032227 (Mbytes/sec)
   Max = 6.911266 (Mbytes/sec)
Testing shared memory size 0x2000 for domain=0000 bus=04 dev=00 func=00
  vendor_id=10b5 (PLX Technology, Inc.) device_id=8111 (PEX 8111 PCI Express-to-PCI Bridge) subvendor_id=0000 subdevice_id=0000
Test pattern pass
host-to-card PIO mapped with write-combining timing for 1024 transfers of 8192 bytes:
   Min = 199.464329 (Mbytes/sec)
  Mean = 259.824289 (Mbytes/sec)
   Max = 271.609032 (Mbytes/sec)
card-to-host PIO mapped with write-combining timing for 1024 transfers of 8192 bytes:
   Min = 5.032562 (Mbytes/sec)
  Mean = 5.984371 (Mbytes/sec)
   Max = 6.985857 (Mbytes/sec)

[mr_halfword@haswell-alma eclipse_project]$ bin/coverage/sealevel_serial_7205e/time_pex8311_shared_memory_libpciaccess 
Testing shared memory size 0x2000 for domain=0000 bus=04 dev=00 func=00
  vendor_id=10b5 (PLX Technology, Inc.) device_id=8111 (PEX 8111 PCI Express-to-PCI Bridge) subvendor_id=0000 subdevice_id=0000
Test pattern pass
host-to-card PIO mapped with uncached-minus timing for 1024 transfers of 8192 bytes:
   Min = 76.194019 (Mbytes/sec)
  Mean = 92.186849 (Mbytes/sec)
   Max = 94.977508 (Mbytes/sec)
card-to-host PIO mapped with uncached-minus timing for 1024 transfers of 8192 bytes:
   Min = 5.037920 (Mbytes/sec)
  Mean = 6.062777 (Mbytes/sec)
   Max = 7.215580 (Mbytes/sec)
Testing shared memory size 0x2000 for domain=0000 bus=04 dev=00 func=00
  vendor_id=10b5 (PLX Technology, Inc.) device_id=8111 (PEX 8111 PCI Express-to-PCI Bridge) subvendor_id=0000 subdevice_id=0000
Test pattern pass
host-to-card PIO mapped with write-combining timing for 1024 transfers of 8192 bytes:
   Min = 165.018230 (Mbytes/sec)
  Mean = 220.993283 (Mbytes/sec)
   Max = 229.989612 (Mbytes/sec)
card-to-host PIO mapped with write-combining timing for 1024 transfers of 8192 bytes:
   Min = 4.678093 (Mbytes/sec)
  Mean = 5.996207 (Mbytes/sec)
   Max = 7.503233 (Mbytes/sec)

[mr_halfword@haswell-alma eclipse_project]$ bin/release/sealevel_serial_7205e/time_pex8311_shared_memory_libpciaccess 
Testing shared memory size 0x2000 for domain=0000 bus=04 dev=00 func=00
  vendor_id=10b5 (PLX Technology, Inc.) device_id=8111 (PEX 8111 PCI Express-to-PCI Bridge) subvendor_id=0000 subdevice_id=0000
Test pattern pass
host-to-card PIO mapped with uncached-minus timing for 1024 transfers of 8192 bytes:
   Min = 41.215951 (Mbytes/sec)
  Mean = 44.138644 (Mbytes/sec)
   Max = 44.418177 (Mbytes/sec)
card-to-host PIO mapped with uncached-minus timing for 1024 transfers of 8192 bytes:
   Min = 2.651260 (Mbytes/sec)
  Mean = 3.113839 (Mbytes/sec)
   Max = 3.591286 (Mbytes/sec)
Testing shared memory size 0x2000 for domain=0000 bus=04 dev=00 func=00
  vendor_id=10b5 (PLX Technology, Inc.) device_id=8111 (PEX 8111 PCI Express-to-PCI Bridge) subvendor_id=0000 subdevice_id=0000
Test pattern pass
host-to-card PIO mapped with write-combining timing for 1024 transfers of 8192 bytes:
   Min = 187.812371 (Mbytes/sec)
  Mean = 258.251631 (Mbytes/sec)
   Max = 270.559482 (Mbytes/sec)
card-to-host PIO mapped with write-combining timing for 1024 transfers of 8192 bytes:
   Min = 3.623470 (Mbytes/sec)
  Mean = 4.750831 (Mbytes/sec)
   Max = 5.866459 (Mbytes/sec)

The results show:
a. The CPU writing to the shared memory is faster than reading from the shared memory.
b. Writes use write-combining are faster than writes using uncached-minus.
c. For the release platform the write speed using uncached-minus is about half the write speed for the debug and coverage platforms.
   Using Eclipse to view the diassembly shows:
   - For debug and coverage the compiler calls to memcpy() in the glibc runtime. Haven't single step to see how
     the memcpy() is implemented in terms of instructions.
   - For release the compiler has inlined memcpy() to use a "rep movsq" instruction which moves 64-bits as a time.
d. The PEX8311 has a PCIe 1.0 x1 interface which has a maximum bandwidth of 250 Mbytes/sec, but apparent measured results with
   8192 byte transfers has a reported mean of ~259 Mbytes/sec which slightly exceeds PCIe bandwidth.
   Not sure if there are some posted writes which haven't made it to the shared memory


2. time_pex8311_shared_memory_libpciaccess in an i5-2310 system, with additional test to flush posted writes
============================================================================================================

Used the same system as above, but added an additional test to flush the post writes inside the timing to measure
the write transfer rate.

Ran the tests for the debug, coverage and release platforms:
[mr_halfword@haswell-alma eclipse_project]$ bin/debug/sealevel_serial_7205e/time_pex8311_shared_memory_libpciaccess 
Testing shared memory size 0x2000 for domain=0000 bus=04 dev=00 func=00
  vendor_id=10b5 (PLX Technology, Inc.) device_id=8111 (PEX 8111 PCI Express-to-PCI Bridge) subvendor_id=0000 subdevice_id=0000
Test pattern pass
host-to-card PIO mapped with uncached-minus timing for 1024 transfers of 8192 bytes:
   Min = 65.996923 (Mbytes/sec)
  Mean = 95.230345 (Mbytes/sec)
   Max = 99.171953 (Mbytes/sec)
card-to-host PIO mapped with uncached-minus timing for 1024 transfers of 8192 bytes:
   Min = 5.274575 (Mbytes/sec)
  Mean = 5.941291 (Mbytes/sec)
   Max = 6.030025 (Mbytes/sec)
Testing shared memory size 0x2000 for domain=0000 bus=04 dev=00 func=00
  vendor_id=10b5 (PLX Technology, Inc.) device_id=8111 (PEX 8111 PCI Express-to-PCI Bridge) subvendor_id=0000 subdevice_id=0000
Test pattern pass
host-to-card PIO mapped with write-combining timing for 1024 transfers of 8192 bytes:
   Min = 123.611782 (Mbytes/sec)
  Mean = 254.718448 (Mbytes/sec)
   Max = 269.420509 (Mbytes/sec)
card-to-host PIO mapped with write-combining timing for 1024 transfers of 8192 bytes:
   Min = 4.850434 (Mbytes/sec)
  Mean = 5.908368 (Mbytes/sec)
   Max = 6.023941 (Mbytes/sec)
Testing shared memory size 0x2000 for domain=0000 bus=04 dev=00 func=00
  vendor_id=10b5 (PLX Technology, Inc.) device_id=8111 (PEX 8111 PCI Express-to-PCI Bridge) subvendor_id=0000 subdevice_id=0000
Test pattern pass
host-to-card PIO mapped with write-combining (flush posted writes) timing for 1024 transfers of 8192 bytes:
   Min = 96.154749 (Mbytes/sec)
  Mean = 172.032172 (Mbytes/sec)
   Max = 178.381674 (Mbytes/sec)
card-to-host PIO mapped with write-combining (flush posted writes) timing for 1024 transfers of 8192 bytes:
   Min = 5.340304 (Mbytes/sec)
  Mean = 5.962545 (Mbytes/sec)
   Max = 6.043928 (Mbytes/sec)

[mr_halfword@haswell-alma eclipse_project]$ bin/coverage/sealevel_serial_7205e/time_pex8311_shared_memory_libpciaccess 
Testing shared memory size 0x2000 for domain=0000 bus=04 dev=00 func=00
  vendor_id=10b5 (PLX Technology, Inc.) device_id=8111 (PEX 8111 PCI Express-to-PCI Bridge) subvendor_id=0000 subdevice_id=0000
Test pattern pass
host-to-card PIO mapped with uncached-minus timing for 1024 transfers of 8192 bytes:
   Min = 65.969818 (Mbytes/sec)
  Mean = 90.815365 (Mbytes/sec)
   Max = 94.517260 (Mbytes/sec)
card-to-host PIO mapped with uncached-minus timing for 1024 transfers of 8192 bytes:
   Min = 4.625635 (Mbytes/sec)
  Mean = 5.941299 (Mbytes/sec)
   Max = 6.026702 (Mbytes/sec)
Testing shared memory size 0x2000 for domain=0000 bus=04 dev=00 func=00
  vendor_id=10b5 (PLX Technology, Inc.) device_id=8111 (PEX 8111 PCI Express-to-PCI Bridge) subvendor_id=0000 subdevice_id=0000
Test pattern pass
host-to-card PIO mapped with write-combining timing for 1024 transfers of 8192 bytes:
   Min = 132.395960 (Mbytes/sec)
  Mean = 216.788398 (Mbytes/sec)
   Max = 228.183059 (Mbytes/sec)
card-to-host PIO mapped with write-combining timing for 1024 transfers of 8192 bytes:
   Min = 5.419839 (Mbytes/sec)
  Mean = 5.925467 (Mbytes/sec)
   Max = 6.016031 (Mbytes/sec)
Testing shared memory size 0x2000 for domain=0000 bus=04 dev=00 func=00
  vendor_id=10b5 (PLX Technology, Inc.) device_id=8111 (PEX 8111 PCI Express-to-PCI Bridge) subvendor_id=0000 subdevice_id=0000
Test pattern pass
host-to-card PIO mapped with write-combining (flush posted writes) timing for 1024 transfers of 8192 bytes:
   Min = 111.034305 (Mbytes/sec)
  Mean = 170.926618 (Mbytes/sec)
   Max = 177.793211 (Mbytes/sec)
card-to-host PIO mapped with write-combining (flush posted writes) timing for 1024 transfers of 8192 bytes:
   Min = 5.407193 (Mbytes/sec)
  Mean = 5.959647 (Mbytes/sec)
   Max = 6.045395 (Mbytes/sec)

[mr_halfword@haswell-alma eclipse_project]$ bin/release/sealevel_serial_7205e/time_pex8311_shared_memory_libpciaccess 
Testing shared memory size 0x2000 for domain=0000 bus=04 dev=00 func=00
  vendor_id=10b5 (PLX Technology, Inc.) device_id=8111 (PEX 8111 PCI Express-to-PCI Bridge) subvendor_id=0000 subdevice_id=0000
Test pattern pass
host-to-card PIO mapped with uncached-minus timing for 1024 transfers of 8192 bytes:
   Min = 37.097585 (Mbytes/sec)
  Mean = 43.561956 (Mbytes/sec)
   Max = 44.370301 (Mbytes/sec)
card-to-host PIO mapped with uncached-minus timing for 1024 transfers of 8192 bytes:
   Min = 2.749691 (Mbytes/sec)
  Mean = 3.046670 (Mbytes/sec)
   Max = 3.084435 (Mbytes/sec)
Testing shared memory size 0x2000 for domain=0000 bus=04 dev=00 func=00
  vendor_id=10b5 (PLX Technology, Inc.) device_id=8111 (PEX 8111 PCI Express-to-PCI Bridge) subvendor_id=0000 subdevice_id=0000
Test pattern pass
host-to-card PIO mapped with write-combining timing for 1024 transfers of 8192 bytes:
   Min = 141.290100 (Mbytes/sec)
  Mean = 253.441822 (Mbytes/sec)
   Max = 268.528534 (Mbytes/sec)
card-to-host PIO mapped with write-combining timing for 1024 transfers of 8192 bytes:
   Min = 3.493274 (Mbytes/sec)
  Mean = 4.699978 (Mbytes/sec)
   Max = 5.755258 (Mbytes/sec)
Testing shared memory size 0x2000 for domain=0000 bus=04 dev=00 func=00
  vendor_id=10b5 (PLX Technology, Inc.) device_id=8111 (PEX 8111 PCI Express-to-PCI Bridge) subvendor_id=0000 subdevice_id=0000
Test pattern pass
host-to-card PIO mapped with write-combining (flush posted writes) timing for 1024 transfers of 8192 bytes:
   Min = 112.940138 (Mbytes/sec)
  Mean = 170.994406 (Mbytes/sec)
   Max = 176.994210 (Mbytes/sec)
card-to-host PIO mapped with write-combining (flush posted writes) timing for 1024 transfers of 8192 bytes:
   Min = 3.553584 (Mbytes/sec)
  Mean = 4.726913 (Mbytes/sec)
   Max = 5.809756 (Mbytes/sec)

The results show that "write-combining (flush posted writes)" reports a lower write transfer rate than "write-combining".
The rate for write transfer using "write-combining (flush posted writes)" now doesn't exceed the PCIe bandwidth.


3. Unable to make the shared memory test use VFIO
=================================================

With the card fitted in a W-2123 system with AlmaLinux 8.7, a 4.18.0-425.19.2.el8_7.x86_64 Kernel and the IOMMU enabled
attempted to bind the vfio-pci driver to all devices with the PCI vendor ID for PLX:

[mr_halfword@skylake-alma eclipse_project]$ ./bind_device_to_vfio.sh 10b5
IOMMU devices present: dmar0  dmar1  dmar2  dmar3
Loading vfio-pci module
vfio-pci
0000:2d:00.0
tee: /sys/bus/pci/drivers/vfio-pci/bind: Invalid argument
Bound vfio-pci driver to 0000:2d:00.0 10b5:8111 [0000:0000]
chmod: cannot access '/dev/vfio/85': No such file or directory
Giving user permission to IOMMU group 85 for 0000:2d:00.0 10b5:8111 [0000:0000]
vfio-pci
0000:2e:04.0
Bound vfio-pci driver to 0000:2e:04.0 10b5:9056 [10b5:3198]
Giving user permission to IOMMU group 85 for 0000:2e:04.0 10b5:9056 [10b5:3198]

Where EINVAL is reported trying to bind vfio-pci to the 10b5:8111 device which is the PEX 8111 PCI Express-to-PCI Bridge
containing the shared memory.

dmesg contained:
[  614.058523] vfio-pci: probe of 0000:2d:00.0 failed with error -22

Think the "probe of" message is reported by the call_driver_probe() function in
/usr/src/debug/kernel-4.18.0-425.19.2.el8_7/linux-4.18.0-425.19.2.el8_7.x86_64/drivers/base/dd.c

The vfio_pci_probe() function in /usr/src/debug/kernel-4.18.0-425.19.2.el8_7/linux-4.18.0-425.19.2.el8_7.x86_64/drivers/vfio/pci/vfio_pci.c
contains the following:
    if (pdev->hdr_type != PCI_HEADER_TYPE_NORMAL)
        return -EINVAL;

I.e. vfio-pci will only bind to a device with a NORMAL header type.

As expected, 10b5:8111 reports a BRIDGE header type, which explain why vfio-pci won't bind to it:
[mr_halfword@skylake-alma coverage]$ dump_info/dump_info_pciutils 10b5
Access method : linux-sysfs
domain=0000 bus=2d dev=00 func=00
  vendor_id=10b5 (PLX Technology, Inc.) device_id=8111 (PEX 8111 PCI Express-to-PCI Bridge) subvendor_id=0000 subdevice_id=0000 header_type=BRIDGE
  control: I/O+ Mem+ BusMaster+
  IOMMU group: 85
  bar[0] base_addr=38ffffe00000 size=10000 is_IO=0 is_prefetchable=1 is_64=1
domain=0000 bus=2e dev=04 func=00
  vendor_id=10b5 (PLX Technology, Inc.) device_id=9056 (PCI9056 32-bit 66MHz PCI <-> IOBus Bridge) subvendor_id=10b5 subdevice_id=3198 header_type=NORMAL
  control: I/O- Mem+ BusMaster-
  IOMMU group: 85
  Driver: vfio-pci
  bar[0] base_addr=97900000 size=200 is_IO=0 is_prefetchable=0 is_64=0
  bar[2] base_addr=97902000 size=10 is_IO=0 is_prefetchable=0 is_64=0
  bar[3] base_addr=97901000 size=10 is_IO=0 is_prefetchable=0 is_64=0
